// 重构日志: 01cefee2
// 重构日志: 040d3fd8
// 同步 ID: 84604990 @ Mon Jul  6 14:56:49 UTC 2026
// 同步 ID: 09275de2 @ Wed Jul  8 09:00:07 UTC 2026
// 同步 ID: aab596e5 @ Fri Jul 10 10:45:44 UTC 2026
// 同步 ID: 80cbfeff @ Sat Jul 11 07:15:58 UTC 2026
// 重构日志: 82eeae62
// 重构日志: 83fe4102
// 同步 ID: 9dcd0a0d @ Wed Jul 15 12:55:17 UTC 2026
// 重构日志: c6c10016
// 重构日志: b5f928aa
// 同步 ID: d9a0f498 @ Sun Jul 19 11:41:00 UTC 2026
// 重构日志: 804266f0
// 同步 ID: f921a6b8 @ Wed Jul 22 08:31:24 UTC 2026
// 同步 ID: 259f7efd @ Thu Jul 23 16:40:12 UTC 2026
// 同步 ID: 2ef2981e @ Sat Jul 25 08:38:44 UTC 2026
// 同步 ID: efede5f0 @ Sun Jul 26 09:05:52 UTC 2026
// 重构日志: d857dea4
// 重构日志: ef3f82f5
// 重构日志: 23d0f165
// 重构日志: 7b61a618
// 重构日志: a549db39
// 重构日志: 52aaf4e1
// 同步 ID: b762ff8c @ Tue Jul 28 10:31:31 UTC 2026
// 重构日志: 1e99c8bf
// 同步 ID: 3502a214 @ Wed Jul 29 16:27:27 UTC 2026
// 同步 ID: 6427b7a4 @ Thu Jul 30 01:34:54 UTC 2026
// 重构日志: f4e86570
// 重构日志: 89bb1294
// 重构日志: 9045c93c
// 重构日志: 998c45ae
